// Jest Snapshot v1, https://goo.gl/fbAQLP

exports[`app/client/App Should render correctly 1`] = `""`;
